TypeError: Cannot read properties of undefined (reading 'findFirst')
    at NFeController.autoMapItems (D:\www\NArtPlim\backend\src\modules\nfe\controllers\NFeController.ts:15:44)
    at NFeController.parseXml (D:\www\NArtPlim\backend\src\modules\nfe\controllers\NFeController.ts:70:27)
    at process.processTicksAndRejections (node:internal/process/task_queues:105:5)